Flow report for Lab1Demo
Tue Aug 20 01:17:28 2019
Quartus Prime Version 17.0.0 Build 595 04/25/2017 SJ Lite Edition


---------------------
; Table of Contents ;
---------------------
  1. Legal Notice
  2. Flow Summary
  3. Flow Settings
  4. Flow Non-Default Global Settings
  5. Flow Elapsed Time
  6. Flow OS Summary
  7. Flow Log
  8. Flow Messages
  9. Flow Suppressed Messages



----------------
; Legal Notice ;
----------------
Copyright (C) 2017  Intel Corporation. All rights reserved.
Your use of Intel Corporation's design tools, logic functions 
and other software and tools, and its AMPP partner logic 
functions, and any output files from any of the foregoing 
(including device programming or simulation files), and any 
associated documentation or information are expressly subject 
to the terms and conditions of the Intel Program License 
Subscription Agreement, the Intel Quartus Prime License Agreement,
the Intel MegaCore Function License Agreement, or other 
applicable license agreement, including, without limitation, 
that your use is for the sole purpose of programming logic 
devices manufactured by Intel and sold by Intel or its 
authorized distributors.  Please refer to the applicable 
agreement for further details.



+---------------------------------------------------------------------------+
; Flow Summary                                                              ;
+-----------------------------+---------------------------------------------+
; Flow Status                 ; Flow Failed - Tue Aug 20 01:17:28 2019      ;
; Quartus Prime Version       ; 17.0.0 Build 595 04/25/2017 SJ Lite Edition ;
; Revision Name               ; Lab1Demo                                    ;
; Top-level Entity Name       ; background_priority_mux                     ;
; Family                      ; Cyclone V                                   ;
; Device                      ; 5CSXFC6D6F31C6                              ;
; Timing Models               ; Final                                       ;
; Logic utilization (in ALMs) ; N/A until Partition Merge                   ;
; Total registers             ; N/A until Partition Merge                   ;
; Total pins                  ; N/A until Partition Merge                   ;
; Total virtual pins          ; N/A until Partition Merge                   ;
; Total block memory bits     ; N/A until Partition Merge                   ;
; Total PLLs                  ; N/A until Partition Merge                   ;
; Total DLLs                  ; N/A until Partition Merge                   ;
+-----------------------------+---------------------------------------------+


+-----------------------------------------+
; Flow Settings                           ;
+-------------------+---------------------+
; Option            ; Setting             ;
+-------------------+---------------------+
; Start date & time ; 08/20/2019 01:17:09 ;
; Main task         ; Compilation         ;
; Revision Name     ; Lab1Demo            ;
+-------------------+---------------------+


+-------------------------------------------------------------------------------------------------------------------------------------+
; Flow Non-Default Global Settings                                                                                                    ;
+-------------------------------------+----------------------------------------+---------------+-------------------------+------------+
; Assignment Name                     ; Value                                  ; Default Value ; Entity Name             ; Section Id ;
+-------------------------------------+----------------------------------------+---------------+-------------------------+------------+
; COMPILER_SIGNATURE_ID               ; 176770275589510.156625302922900        ; --            ; --                      ; --         ;
; MAX_CORE_JUNCTION_TEMP              ; 85                                     ; --            ; --                      ; --         ;
; MIN_CORE_JUNCTION_TEMP              ; 0                                      ; --            ; --                      ; --         ;
; MISC_FILE                           ; ../Debug/keyval2.bsf                   ; --            ; --                      ; --         ;
; MISC_FILE                           ; ../Debug/keyval2_bb.v                  ; --            ; --                      ; --         ;
; MISC_FILE                           ; ../Debug/keyval1.bsf                   ; --            ; --                      ; --         ;
; MISC_FILE                           ; ../Debug/keyval1_bb.v                  ; --            ; --                      ; --         ;
; MISC_FILE                           ; tplftx.bsf                             ; --            ; --                      ; --         ;
; MISC_FILE                           ; tplftx_bb.v                            ; --            ; --                      ; --         ;
; MISC_FILE                           ; basicBackground.bsf                    ; --            ; --                      ; --         ;
; MISC_FILE                           ; basicBackground_bb.v                   ; --            ; --                      ; --         ;
; NUM_PARALLEL_PROCESSORS             ; All                                    ; --            ; --                      ; --         ;
; PARTITION_COLOR                     ; -- (Not supported for targeted family) ; --            ; background_priority_mux ; Top        ;
; PARTITION_FITTER_PRESERVATION_LEVEL ; -- (Not supported for targeted family) ; --            ; background_priority_mux ; Top        ;
; PARTITION_NETLIST_TYPE              ; -- (Not supported for targeted family) ; --            ; background_priority_mux ; Top        ;
; POWER_BOARD_THERMAL_MODEL           ; None (CONSERVATIVE)                    ; --            ; --                      ; --         ;
; POWER_PRESET_COOLING_SOLUTION       ; 23 MM HEAT SINK WITH 200 LFPM AIRFLOW  ; --            ; --                      ; --         ;
; PROJECT_OUTPUT_DIRECTORY            ; output_files                           ; --            ; --                      ; --         ;
; SMART_RECOMPILE                     ; On                                     ; Off           ; --                      ; --         ;
; TOP_LEVEL_ENTITY                    ; background_priority_mux                ; Lab1Demo      ; --                      ; --         ;
+-------------------------------------+----------------------------------------+---------------+-------------------------+------------+


+----------------------------------------------------------------------------------------------------------------------------+
; Flow Elapsed Time                                                                                                          ;
+------------------------+--------------+-------------------------+---------------------+------------------------------------+
; Module Name            ; Elapsed Time ; Average Processors Used ; Peak Virtual Memory ; Total CPU Time (on all processors) ;
+------------------------+--------------+-------------------------+---------------------+------------------------------------+
; Analysis & Elaboration ; 00:00:19     ; 1.0                     ; 4773 MB             ; 00:00:39                           ;
; Total                  ; 00:00:19     ; --                      ; --                  ; 00:00:39                           ;
+------------------------+--------------+-------------------------+---------------------+------------------------------------+


+--------------------------------------------------------------------------------------+
; Flow OS Summary                                                                      ;
+------------------------+------------------+------------+------------+----------------+
; Module Name            ; Machine Hostname ; OS Name    ; OS Version ; Processor type ;
+------------------------+------------------+------------+------------+----------------+
; Analysis & Elaboration ; DESKTOP-79O28I4  ; Windows 10 ; 10.0       ; x86_64         ;
+------------------------+------------------+------------+------------+----------------+


------------
; Flow Log ;
------------
quartus_map --read_settings_files=on --write_settings_files=off Lab1Demo -c Lab1Demo --disable_all_banners --analysis_and_elaboration



