Archive Project report for Lab1Demo
Wed Aug 14 21:42:40 2019
Quartus Prime Version 17.0.0 Build 595 04/25/2017 SJ Lite Edition


---------------------
; Table of Contents ;
---------------------
  1. Legal Notice
  2. Archive Project Summary
  3. Archive Project Messages
  4. Files Archived



----------------
; Legal Notice ;
----------------
Copyright (C) 2017  Intel Corporation. All rights reserved.
Your use of Intel Corporation's design tools, logic functions 
and other software and tools, and its AMPP partner logic 
functions, and any output files from any of the foregoing 
(including device programming or simulation files), and any 
associated documentation or information are expressly subject 
to the terms and conditions of the Intel Program License 
Subscription Agreement, the Intel Quartus Prime License Agreement,
the Intel MegaCore Function License Agreement, or other 
applicable license agreement, including, without limitation, 
that your use is for the sole purpose of programming logic 
devices manufactured by Intel and sold by Intel or its 
authorized distributors.  Please refer to the applicable 
agreement for further details.



+----------------------------------------------------------------+
; Archive Project Summary                                        ;
+------------------------+---------------------------------------+
; Archive Project Status ; Successful - Wed Aug 14 21:42:40 2019 ;
; Revision Name          ; Lab1Demo                              ;
; Top-level Entity Name  ; TOP_VGA_DEMO_WITH_MSS_ALL             ;
; Family                 ; Cyclone V                             ;
+------------------------+---------------------------------------+


+--------------------------+
; Archive Project Messages ;
+--------------------------+
Info: File Set 'Source control' contains:
    Info: Project source and settings files
    Info: Automatically detected source files
Critical Warning: Analysis & Elaboration was not run successfully.
    Critical Warning: The 'Automatically detected source files' file subset will attempt to guess which files are needed. The archive file will likely be larger than required and may still be incomplete.
Warning (225010): Analysis was not performed on the current project. The Quartus Prime software may not be able to automatically locate all project files.
Info: Parsing: topLeftX_bb.v
Info: Parsing: ../tachless/Lab1Demo.sv
Info: Parsing: ../tachless/ALL_TIME.sv
Info: Parsing: ../Debug/rtl/TOP_RANDOM.bdf
Info: Parsing: ../Debug/rtl/TOP_KBDINTF.bdf
Info: Parsing: ../Debug/rtl/TOP_KBD_DEMO.bdf
Info: Parsing: ../Debug/rtl/random.sv
Info: Parsing: ../Debug/rtl/lpf.sv
Info: Parsing: ../Debug/rtl/keyToggle_decoder.sv
Info: Parsing: ../Debug/rtl/KBDINTF.bdf
Info: Parsing: ../Debug/rtl/HexSS.sv
Info: Parsing: ../Debug/rtl/byterec.sv
Info: Parsing: ../Debug/rtl/bitrec.sv
Info: Parsing: ../Debug/keyval2.v
Info: Parsing: ../Debug/keyval2_bb.v
Info: Parsing: ../Debug/keyval1.v
Info: Parsing: ../Debug/keyval1_bb.v
Info: Parsing: RTL/VGA/TOP_VGA_DEMO_WITH_MSS.bdf
Info: Parsing: RTL/VGA/smileyface_move.sv
Info: Parsing: RTL/VGA/square_object.sv
Info: Parsing: RTL/VGA/smileyBitMap.sv
Info: Parsing: RTL/VGA/objects_mux.sv
Info: Parsing: RTL/VGA/VGA_Controller.sv
Info: Parsing: RTL/VGA/back_ground_draw.sv
Info: Parsing: RTL/VGA/NumbersBitMap.sv
Info: Parsing: RTL/MSS/ToneDecoder.sv
Info: Parsing: RTL/MSS/TOP_MSS_DEMO.bdf
Info: Parsing: RTL/MSS/SinTable.sv
Info: Parsing: RTL/MSS/prescaler.sv
Info: Parsing: RTL/MSS/data_conversion.sv
Info: Parsing: RTL/MSS/addr_counter.sv
Info: Parsing: RTL/Seg7/SEG7.SV
Info: Parsing: RTL/KEYBOARD/keyPad_decoder.sv
Info: Parsing: RTL/VGA/TOP_VGA_DEMO_WITH_MSS_ALL.bdf
Info: Parsing: RTL/VGA/back_ground_drawSquare.sv
Info: Parsing: RTL/VGA/smileyBitMapX2.sv
Info: Parsing: ../Debug/rtl/TOP_KBD_DEMOALL.bdf
Info: Parsing: topLeftX.v
Info: Parsing: game_controller.sv
Info: Parsing: ../tachless/TOP_LVL.bdf
Info: Parsing: ../tachless/background_priority_mux.sv
Info: Parsing: dynamic_object_priority_mux.sv
Info: Parsing: ../tachless/enemy_generator.sv
Info: Archive will store files relative to the closest common parent directory
Info (13213): Using common directory C:/Users/gilys/Desktop/MABADAA/proyect/
Info: ----------------------------------------------------------
Info: ----------------------------------------------------------
Info: Generated archive 'C:/Users/gilys/Desktop/MABADAA/proyect/vga/proyect.qar'
Info: ----------------------------------------------------------
Info: ----------------------------------------------------------
Info: Generated report 'Lab1Demo.archive.rpt'
Error (23031): Evaluation of Tcl script c:/intelfpga_lite/17.0/quartus/common/tcl/apps/qpm/qar.tcl unsuccessful
Error: Quartus Prime Shell was unsuccessful. 4 errors, 3 warnings
    Error: Peak virtual memory: 4784 megabytes
    Error: Processing ended: Wed Aug 14 21:42:40 2019
    Error: Elapsed time: 00:00:14
    Error: Total CPU time (on all processors): 00:00:27


+----------------------------------------------------------------------------+
; Files Archived                                                             ;
+----------------------------------------------------------------------------+
; File Name                                                                  ;
+----------------------------------------------------------------------------+
; ../Debug/keyval1.bsf                                                       ;
; ../Debug/keyval1.qip                                                       ;
; ../Debug/keyval1.v                                                         ;
; ../Debug/keyval1_bb.v                                                      ;
; ../Debug/keyval2.bsf                                                       ;
; ../Debug/keyval2.qip                                                       ;
; ../Debug/keyval2.v                                                         ;
; ../Debug/keyval2_bb.v                                                      ;
; ../Debug/rtl/bitrec.sv                                                     ;
; ../Debug/rtl/byterec.sv                                                    ;
; ../Debug/rtl/HexSS.sv                                                      ;
; ../Debug/rtl/KBDINTF.bdf                                                   ;
; ../Debug/rtl/keyToggle_decoder.sv                                          ;
; ../Debug/rtl/lpf.sv                                                        ;
; ../Debug/rtl/random.sv                                                     ;
; ../Debug/rtl/TOP_KBD_DEMO.bdf                                              ;
; ../Debug/rtl/TOP_KBD_DEMOALL.bdf                                           ;
; ../Debug/rtl/TOP_KBDINTF.bdf                                               ;
; ../Debug/rtl/TOP_RANDOM.bdf                                                ;
; ../tachless/ALL_TIME.sv                                                    ;
; ../tachless/background_priority_mux.sv                                     ;
; ../tachless/enemy_generator.sv                                             ;
; ../tachless/Lab1Demo.sv                                                    ;
; ../tachless/TOP_LVL.bdf                                                    ;
; ALL_TIME.bsf                                                               ;
; assignment_defaults.qdf                                                    ;
; background_priority_mux.bsf                                                ;
; C:/Users/gilys/Desktop/MABADAA/proyect/Debug/keyval1.bsf                   ;
; C:/Users/gilys/Desktop/MABADAA/proyect/Debug/keyval1.qip                   ;
; C:/Users/gilys/Desktop/MABADAA/proyect/Debug/keyval1.v                     ;
; C:/Users/gilys/Desktop/MABADAA/proyect/Debug/keyval1_bb.v                  ;
; C:/Users/gilys/Desktop/MABADAA/proyect/Debug/keyval2.bsf                   ;
; C:/Users/gilys/Desktop/MABADAA/proyect/Debug/keyval2.qip                   ;
; C:/Users/gilys/Desktop/MABADAA/proyect/Debug/keyval2.v                     ;
; C:/Users/gilys/Desktop/MABADAA/proyect/Debug/keyval2_bb.v                  ;
; C:/Users/gilys/Desktop/MABADAA/proyect/Debug/pin.tcl                       ;
; C:/Users/gilys/Desktop/MABADAA/proyect/Debug/pinRand.tcl                   ;
; C:/Users/gilys/Desktop/MABADAA/proyect/Debug/rtl/bitrec.sv                 ;
; C:/Users/gilys/Desktop/MABADAA/proyect/Debug/rtl/byterec.sv                ;
; C:/Users/gilys/Desktop/MABADAA/proyect/Debug/rtl/HexSS.sv                  ;
; C:/Users/gilys/Desktop/MABADAA/proyect/Debug/rtl/KBDINTF.bdf               ;
; C:/Users/gilys/Desktop/MABADAA/proyect/Debug/rtl/keyToggle_decoder.sv      ;
; C:/Users/gilys/Desktop/MABADAA/proyect/Debug/rtl/lpf.sv                    ;
; C:/Users/gilys/Desktop/MABADAA/proyect/Debug/rtl/random.sv                 ;
; C:/Users/gilys/Desktop/MABADAA/proyect/Debug/rtl/TOP_KBD_DEMO.bdf          ;
; C:/Users/gilys/Desktop/MABADAA/proyect/Debug/rtl/TOP_KBD_DEMOALL.bdf       ;
; C:/Users/gilys/Desktop/MABADAA/proyect/Debug/rtl/TOP_KBDINTF.bdf           ;
; C:/Users/gilys/Desktop/MABADAA/proyect/Debug/rtl/TOP_RANDOM.bdf            ;
; C:/Users/gilys/Desktop/MABADAA/proyect/tachless/ALL_TIME.sv                ;
; C:/Users/gilys/Desktop/MABADAA/proyect/tachless/background_priority_mux.sv ;
; C:/Users/gilys/Desktop/MABADAA/proyect/tachless/enemy_generator.sv         ;
; C:/Users/gilys/Desktop/MABADAA/proyect/tachless/Lab1Demo.sv                ;
; C:/Users/gilys/Desktop/MABADAA/proyect/tachless/TOP_LVL.bdf                ;
; constraints/DE10_Standard_Audio.sdc                                        ;
; constraints/pin.tcl                                                        ;
; DE10_Standard_Audio.sdc                                                    ;
; dynamic_object_priority_mux.bsf                                            ;
; dynamic_object_priority_mux.sv                                             ;
; enemy_generator.bsf                                                        ;
; game_controller.sv                                                         ;
; Lab1Demo.qpf                                                               ;
; Lab1Demo.qsf                                                               ;
; Lab1Demo.restore.rpt                                                       ;
; output_files/Chain1.cdf                                                    ;
; output_files/Lab1Demo.done                                                 ;
; output_files/Lab1Demo.flow.rpt                                             ;
; output_files/Lab1Demo.map.rpt                                              ;
; output_files/Lab1Demo.map.smsg                                             ;
; output_files/Lab1Demo.map.summary                                          ;
; random.bsf                                                                 ;
; RTL/audio_codec_controller/audio_codec_controller.qxp                      ;
; RTL/KEYBOARD/keyPad_decoder.sv                                             ;
; RTL/MSS/addr_counter.sv                                                    ;
; RTL/MSS/data_conversion.sv                                                 ;
; RTL/MSS/prescaler.sv                                                       ;
; RTL/MSS/SinTable.sv                                                        ;
; RTL/MSS/ToneDecoder.sv                                                     ;
; RTL/MSS/TOP_MSS_DEMO.bdf                                                   ;
; RTL/Seg7/SEG7.SV                                                           ;
; RTL/VGA/back_ground_draw.sv                                                ;
; RTL/VGA/back_ground_drawSquare.sv                                          ;
; RTL/VGA/NumbersBitMap.sv                                                   ;
; RTL/VGA/objects_mux.sv                                                     ;
; RTL/VGA/smileyBitMap.sv                                                    ;
; RTL/VGA/smileyBitMapX2.sv                                                  ;
; RTL/VGA/smileyface_move.sv                                                 ;
; RTL/VGA/square_object.sv                                                   ;
; RTL/VGA/TOP_VGA_DEMO_WITH_MSS.bdf                                          ;
; RTL/VGA/TOP_VGA_DEMO_WITH_MSS_ALL.bdf                                      ;
; RTL/VGA/VGA_Controller.sv                                                  ;
; stp2.stp                                                                   ;
; topLeftX.bsf                                                               ;
; topLeftX.qip                                                               ;
; topLeftX.v                                                                 ;
; topLeftX_bb.v                                                              ;
+----------------------------------------------------------------------------+


